// Jest Snapshot v1, https://goo.gl/fbAQLP

exports[`renders correctly 1`] = `
<div
  className="task"
>
  <div
    className="task__inputs-wrapper"
  >
    <input
      className="task__input"
      disabled={true}
      onChange={[Function]}
      onKeyUp={[Function]}
      style={Object {}}
    />
    <button
      className="task__button"
    >
      <img
        alt="Modify task"
        className="task__icon"
        onClick={[Function]}
        src="write.svg"
      />
    </button>
    <button
      className="task__button"
    >
      <img
        alt="Remove task"
        className="task__icon"
        onClick={[Function]}
        src="delete.svg"
      />
    </button>
    <button
      className="task__button"
    >
      <img
        alt="Complete icon"
        className="task__icon"
        onClick={[Function]}
        src="task-incomplete.svg"
      />
    </button>
  </div>
  <p
    className="task-creator__warning"
    style={
      Object {
        "opacity": 0,
      }
    }
  >
    Task length must be from 1 to 33 characters
  </p>
</div>
`;
