// Jest Snapshot v1, https://goo.gl/fbAQLP

exports[`renders correctly 1`] = `
<div
  className="main-container"
>
  <div
    className="task-creator-wrapper"
  >
    <div>
      <input
        onChange={[Function]}
        placeholder="Create-Todo-Task"
      />
      <p
        className="task-creator__warning"
        style={
          Object {
            "opacity": 0,
          }
        }
      >
        Task length must be from 0 to 33 characters
      </p>
    </div>
    <button
      className="add-task-button"
      onClick={[Function]}
    >
      Add
    </button>
  </div>
  <div
    className="tasks-section"
  >
    <button
      className="clear-completed-tasks"
      onClick={[Function]}
      style={
        Object {
          "display": "none",
        }
      }
    >
      Clear completed tasks
    </button>
  </div>
</div>
`;
